// Jest Snapshot v1, https://goo.gl/fbAQLP

exports[`HOME TEST Debe de hacer match con el snapshot 1`] = `<div class="home"><img alt="Vue logo" src=""><button class="btn btn-danger"> add</button><button class="btn btn-primary"> add</button><button class="btn btn-secondary"> add</button></div>`;
